---
source: crates/rfl-conformance/tests/driver_protocol.rs
expression: "reports_jsonl(\"pneumatic-6f\")"
---
{"message":"telemetry","action_id":"cable-insertion/generic-pneumatic-6f/0001-locate","t":1.0,"realized_pose":{"position":[0.0,0.0,0.0],"orientation":[0.0,0.0,0.0,1.0]}}
{"message":"status","action_id":"cable-insertion/generic-pneumatic-6f/0001-locate","outcome":"succeeded","verdict":{"value":true,"confidence":1.0,"evidence":["nominal reference-driver execution"]},"final_pose":{"position":[0.0,0.0,0.0],"orientation":[0.0,0.0,0.0,1.0]}}
{"message":"telemetry","action_id":"cable-insertion/generic-pneumatic-6f/0002-pinch","t":2.0,"realized_pose":{"position":[0.0,0.0,0.0],"orientation":[0.0,0.0,0.0,1.0]},"wrench":{"force":[0.0,0.0,8.0],"torque":[0.0,0.0,0.0]},"securing_force":"8 N","fidelity_tier":"proxy"}
{"message":"status","action_id":"cable-insertion/generic-pneumatic-6f/0002-pinch","outcome":"succeeded","verdict":{"value":true,"confidence":1.0,"evidence":["nominal reference-driver execution"]},"fidelity_tier":"proxy","final_pose":{"position":[0.0,0.0,0.0],"orientation":[0.0,0.0,0.0,1.0]}}
{"message":"telemetry","action_id":"cable-insertion/generic-pneumatic-6f/0003-transport","t":3.0,"realized_pose":{"position":[0.0,0.0,0.0],"orientation":[0.0,0.0,0.0,1.0]},"securing_force":"2.9 N"}
{"message":"status","action_id":"cable-insertion/generic-pneumatic-6f/0003-transport","outcome":"succeeded","verdict":{"value":true,"confidence":1.0,"evidence":["nominal reference-driver execution"]},"final_pose":{"position":[0.0,0.0,0.0],"orientation":[0.0,0.0,0.0,1.0]}}
{"message":"telemetry","action_id":"cable-insertion/generic-pneumatic-6f/0004-locate","t":4.0,"realized_pose":{"position":[0.0,0.0,0.0],"orientation":[0.0,0.0,0.0,1.0]}}
{"message":"status","action_id":"cable-insertion/generic-pneumatic-6f/0004-locate","outcome":"succeeded","verdict":{"value":true,"confidence":1.0,"evidence":["nominal reference-driver execution"]},"final_pose":{"position":[0.0,0.0,0.0],"orientation":[0.0,0.0,0.0,1.0]}}
{"message":"telemetry","action_id":"cable-insertion/generic-pneumatic-6f/0005-align","t":5.0,"realized_pose":{"position":[0.0,0.0,0.0],"orientation":[0.0,0.0,0.0,1.0]}}
{"message":"status","action_id":"cable-insertion/generic-pneumatic-6f/0005-align","outcome":"succeeded","verdict":{"value":true,"confidence":1.0,"evidence":["nominal reference-driver execution"]},"final_pose":{"position":[0.0,0.0,0.0],"orientation":[0.0,0.0,0.0,1.0]}}
{"message":"telemetry","action_id":"cable-insertion/generic-pneumatic-6f/0006-insert_fit","t":6.0,"realized_pose":{"position":[0.0,0.0,0.0],"orientation":[0.0,0.0,0.0,1.0]},"wrench":{"force":[0.0,0.0,6.0],"torque":[0.0,0.0,0.0]},"securing_force":"6 N"}
{"message":"status","action_id":"cable-insertion/generic-pneumatic-6f/0006-insert_fit","outcome":"succeeded","verdict":{"value":true,"confidence":1.0,"evidence":["nominal reference-driver execution"]},"final_pose":{"position":[0.0,0.0,0.0],"orientation":[0.0,0.0,0.0,1.0]}}
{"message":"telemetry","action_id":"cable-insertion/generic-pneumatic-6f/0007-release","t":7.0,"realized_pose":{"position":[0.0,0.0,0.0],"orientation":[0.0,0.0,0.0,1.0]}}
{"message":"status","action_id":"cable-insertion/generic-pneumatic-6f/0007-release","outcome":"succeeded","verdict":{"value":true,"confidence":1.0,"evidence":["nominal reference-driver execution"]},"final_pose":{"position":[0.0,0.0,0.0],"orientation":[0.0,0.0,0.0,1.0]}}
{"message":"telemetry","action_id":"cable-insertion/generic-pneumatic-6f/0008-retract","t":8.0,"realized_pose":{"position":[0.0,0.0,0.0],"orientation":[0.0,0.0,0.0,1.0]}}
{"message":"status","action_id":"cable-insertion/generic-pneumatic-6f/0008-retract","outcome":"succeeded","verdict":{"value":true,"confidence":1.0,"evidence":["nominal reference-driver execution"]},"final_pose":{"position":[0.0,0.0,0.0],"orientation":[0.0,0.0,0.0,1.0]}}
