---
source: crates/rfl-conformance/tests/force_suite.rs
expression: "jsonl_for(\"leap\")"
---
{"message":"execute","action_id":"force-suite/cmu-leap-v1/0001-push","canonical_action":{"target_frame":"tcp_thumb","target_pose":{"direction":"-z","distance":"0 mm"},"force_budget":"10 N","timing":{"timing_mode":"strict","stop_at_goal":true},"safety_envelope":{"motion_bounds":{"v_max":"0.5 m/s","a_max":"2.0 m/s^2","w_max":"2.5 rad/s"},"force_profile":{"hold":true,"push_against":"fixture"},"compliance":"active","stop_time":"0.08 s"}}}
{"message":"execute","action_id":"force-suite/cmu-leap-v1/0002-locate","canonical_action":{"target_frame":"wrist_cam","target_pose":{"ref":"cable"},"timing":{"timing_mode":"strict","stop_at_goal":true},"safety_envelope":{"motion_bounds":{}}}}
{"message":"execute","action_id":"force-suite/cmu-leap-v1/0003-pinch","canonical_action":{"target_frame":"tcp_thumb","target_pose":{"ref":"cable_t"},"force_budget":"8 N","timing":{"timing_mode":"strict","stop_at_goal":true},"tactile_target":"auto","safety_envelope":{"motion_bounds":{"v_max":"0.5 m/s","a_max":"2.0 m/s^2","w_max":"2.5 rad/s"},"force_profile":{"min_holding_force":"0.6 N"},"stop_time":"0.08 s"},"grasp_stability":{"closure":"force","secured_dof":{"all_axes":"friction_held"},"stable_directions":"omnidirectional","min_holding_force":"0.6 N"}}}
{"message":"execute","action_id":"force-suite/cmu-leap-v1/0004-pull","canonical_action":{"target_frame":"tcp_thumb","target_pose":{"direction":"+z","distance":"0 mm"},"force_budget":"12 N","timing":{"timing_mode":"time_scalable","stop_at_goal":true},"monitors":[{"stop_condition":"effort_drop"}],"safety_envelope":{"motion_bounds":{"v_max":"0.5 m/s","a_max":"2.0 m/s^2","w_max":"2.5 rad/s"},"force_profile":{"breakaway_response":"arrest"},"compliance":"active","stop_time":"0.08 s"}}}
{"message":"execute","action_id":"force-suite/cmu-leap-v1/0005-release","canonical_action":{"target_frame":"tcp_thumb","target_pose":{"direction":"-tool_axis","distance":"0 mm"},"timing":{"timing_mode":"strict","stop_at_goal":true},"safety_envelope":{"motion_bounds":{"v_max":"0.5 m/s","a_max":"2.0 m/s^2","w_max":"2.5 rad/s"},"stop_time":"0.08 s"}}}
{"message":"execute","action_id":"force-suite/cmu-leap-v1/0006-scrub","canonical_action":{"target_frame":"tcp_thumb","target_pose":{"frame":"panel","offset":{"tangential":"oscillation"}},"timing":{"timing_mode":"time_scalable","stop_at_goal":true},"monitors":[{"stop_condition":{"count":10}}],"safety_envelope":{"motion_bounds":{"v_max":"0.5 m/s","a_max":"2.0 m/s^2","w_max":"2.5 rad/s"},"force_profile":{"amplitude":"8 mm","normal_force":"5 N","oscillating":true},"compliance":"active","stop_time":"0.08 s"}}}
