---
source: crates/rfl-conformance/tests/lateral.rs
expression: "jsonl_for(\"leap\")"
---
{"message":"execute","action_id":"object-lateral-grasp/cmu-leap-v1/0001-locate","canonical_action":{"target_frame":"wrist_cam","target_pose":{"ref":"part"},"timing":{"timing_mode":"strict","stop_at_goal":true},"safety_envelope":{"motion_bounds":{}}}}
{"message":"execute","action_id":"object-lateral-grasp/cmu-leap-v1/0002-lateral","canonical_action":{"target_frame":"tcp_thumb","target_pose":{"ref":"part_t"},"force_budget":"5 N","timing":{"timing_mode":"strict","stop_at_goal":true},"tactile_target":"auto","safety_envelope":{"motion_bounds":{"v_max":"0.5 m/s","a_max":"2.0 m/s^2","w_max":"2.5 rad/s"},"force_profile":{"min_holding_force":"1 N"},"stop_time":"0.08 s"},"grasp_stability":{"closure":"force","secured_dof":{"clamp_normal":"friction_held","in_plane":"friction_held"},"stable_directions":"omnidirectional","min_holding_force":"1 N"}}}
{"message":"execute","action_id":"object-lateral-grasp/cmu-leap-v1/0003-release","canonical_action":{"target_frame":"tcp_thumb","target_pose":{"direction":"-tool_axis","distance":"0 mm"},"timing":{"timing_mode":"strict","stop_at_goal":true},"safety_envelope":{"motion_bounds":{"v_max":"0.5 m/s","a_max":"2.0 m/s^2","w_max":"2.5 rad/s"},"stop_time":"0.08 s"}}}
