---
source: crates/rfl-conformance/tests/press_button.rs
expression: "jsonl_for(\"pneumatic-6f\")"
---
{"message":"execute","action_id":"press-button/generic-pneumatic-6f/0001-press_button","canonical_action":{"target_frame":"tcp_a","target_pose":{"ref":"button"},"force_budget":"5 N","timing":{"timing_mode":"time_scalable","stop_at_goal":true},"monitors":[{"stop_condition":"detent"}],"safety_envelope":{"motion_bounds":{"v_max":"0.3 m/s","a_max":"0.8 m/s^2","w_max":"1.2 rad/s"},"force_profile":{"actuation":"detent"},"compliance":"active","stop_time":"0.15 s"}}}
