---
source: crates/rfl-conformance/tests/reach_moves.rs
expression: "jsonl_for(\"pneumatic-6f\")"
---
{"message":"execute","action_id":"reach-moves/generic-pneumatic-6f/0001-to_pose","canonical_action":{"target_frame":"tcp_a","target_pose":{"frame":"staging","offset":{"along":"+z","distance":"100 mm"}},"timing":{"timing_mode":"strict","stop_at_goal":true},"safety_envelope":{"motion_bounds":{"v_max":"0.3 m/s","a_max":"0.8 m/s^2","w_max":"1.2 rad/s"},"stop_time":"0.15 s"}}}
{"message":"execute","action_id":"reach-moves/generic-pneumatic-6f/0002-approach","canonical_action":{"target_frame":"tcp_a","target_pose":{"frame":"panel","offset":{"along":"outward_normal","distance":"50 mm"}},"timing":{"timing_mode":"strict","stop_at_goal":true},"safety_envelope":{"motion_bounds":{"v_max":"0.3 m/s","a_max":"0.8 m/s^2","w_max":"1.2 rad/s"},"stop_time":"0.15 s"}}}
