---
source: crates/rfl-conformance/tests/regrasp.rs
expression: "jsonl_for(\"pneumatic-6f\")"
---
{"message":"execute","action_id":"object-regrasp/generic-pneumatic-6f/0001-locate","canonical_action":{"target_frame":"head_cam","target_pose":{"ref":"part"},"timing":{"timing_mode":"strict","stop_at_goal":true},"safety_envelope":{"motion_bounds":{}}}}
{"message":"execute","action_id":"object-regrasp/generic-pneumatic-6f/0002-pinch","canonical_action":{"target_frame":"palm","target_pose":{"ref":"part_t"},"force_budget":"8 N","timing":{"timing_mode":"strict","stop_at_goal":true},"tactile_target":{"proxy":{"tier":"proxy","criterion":"position_convergence_and_force_hold"}},"safety_envelope":{"motion_bounds":{"v_max":"0.3 m/s","a_max":"0.8 m/s^2","w_max":"1.2 rad/s"},"force_profile":{"min_holding_force":"2 N"},"stop_time":"0.15 s"},"grasp_stability":{"closure":"force","secured_dof":{"all_axes":"friction_held"},"stable_directions":"omnidirectional","min_holding_force":"2 N"}}}
{"message":"execute","action_id":"object-regrasp/generic-pneumatic-6f/0003-regrasp","canonical_action":{"target_frame":"palm","target_pose":{"ref":"held"},"timing":{"timing_mode":"strict","stop_at_goal":true},"safety_envelope":{"motion_bounds":{"v_max":"0.3 m/s","a_max":"0.8 m/s^2","w_max":"1.2 rad/s"},"force_profile":{"min_holding_force":"2 N","transition":"make_before_break"},"stop_time":"0.15 s"},"grasp_stability":{"closure":"force","secured_dof":{"all_axes":"friction_held"},"stable_directions":"omnidirectional"}}}
{"message":"execute","action_id":"object-regrasp/generic-pneumatic-6f/0004-release","canonical_action":{"target_frame":"palm","target_pose":{"direction":"-tool_axis","distance":"0 mm"},"timing":{"timing_mode":"strict","stop_at_goal":true},"safety_envelope":{"motion_bounds":{"v_max":"0.3 m/s","a_max":"0.8 m/s^2","w_max":"1.2 rad/s"},"stop_time":"0.15 s"}}}
