---
source: crates/rfl-conformance/tests/retarget_determinism.rs
expression: "jsonl_for(\"pneumatic-6f\")"
---
{"message":"execute","action_id":"cable-insertion/generic-pneumatic-6f/0001-locate","canonical_action":{"target_frame":"head_cam","target_pose":{"ref":"connector"},"timing":{"timing_mode":"strict","stop_at_goal":true},"safety_envelope":{"motion_bounds":{}}}}
{"message":"execute","action_id":"cable-insertion/generic-pneumatic-6f/0002-pinch","canonical_action":{"target_frame":"palm","target_pose":{"ref":"connector_t"},"force_budget":"8 N","timing":{"timing_mode":"strict","stop_at_goal":true},"tactile_target":{"proxy":{"tier":"proxy","criterion":"position_convergence_and_force_hold"}},"safety_envelope":{"motion_bounds":{"v_max":"0.3 m/s","a_max":"0.8 m/s^2","w_max":"1.2 rad/s"},"force_profile":{"min_holding_force":"2.9 N"},"stop_time":"0.15 s"}}}
{"message":"execute","action_id":"cable-insertion/generic-pneumatic-6f/0003-transport","canonical_action":{"target_frame":"palm","target_pose":{"frame":"receptacle","offset":{"along":"-z","distance":"30 mm"}},"timing":{"timing_mode":"time_scalable","stop_at_goal":true},"safety_envelope":{"motion_bounds":{"v_max":"0.3 m/s","a_max":"0.33816 m/s^2","w_max":"1.2 rad/s"},"stop_time":"0.15 s"}}}
{"message":"execute","action_id":"cable-insertion/generic-pneumatic-6f/0004-locate","canonical_action":{"target_frame":"head_cam","target_pose":{"ref":"receptacle"},"timing":{"timing_mode":"strict","stop_at_goal":true},"safety_envelope":{"motion_bounds":{}}}}
{"message":"execute","action_id":"cable-insertion/generic-pneumatic-6f/0005-align","canonical_action":{"target_frame":"tcp_a","target_pose":{"align":{"target_frame":"receptacle","axes":["z"],"residual":"min_geodesic_rotation"}},"timing":{"timing_mode":"strict","stop_at_goal":true},"safety_envelope":{"motion_bounds":{"v_max":"0.3 m/s","a_max":"0.8 m/s^2","w_max":"1.2 rad/s"},"stop_time":"0.15 s"}}}
{"message":"execute","action_id":"cable-insertion/generic-pneumatic-6f/0006-insert_fit","canonical_action":{"target_frame":"palm","target_pose":{"ref":"receptacle_t"},"force_budget":"15 N","timing":{"timing_mode":"time_scalable","stop_at_goal":true},"monitors":[{"stop_condition":{"all_of":[{"effort_rise":"12 N"},{"reached":{"depth":"8 mm"}}]}}],"safety_envelope":{"motion_bounds":{"v_max":"0.3 m/s","a_max":"0.8 m/s^2","w_max":"1.2 rad/s"},"force_profile":{"axial":"15 N"},"compliance":"active","stop_time":"0.15 s"}}}
{"message":"execute","action_id":"cable-insertion/generic-pneumatic-6f/0007-release","canonical_action":{"target_frame":"palm","target_pose":{"direction":"-tool_axis","distance":"0 mm"},"timing":{"timing_mode":"strict","stop_at_goal":true},"safety_envelope":{"motion_bounds":{"v_max":"0.3 m/s","a_max":"0.8 m/s^2","w_max":"1.2 rad/s"},"stop_time":"0.15 s"}}}
{"message":"execute","action_id":"cable-insertion/generic-pneumatic-6f/0008-retract","canonical_action":{"target_frame":"tcp_a","target_pose":{"direction":"-tool_axis","distance":"50 mm"},"timing":{"timing_mode":"strict","stop_at_goal":true},"safety_envelope":{"motion_bounds":{"v_max":"0.3 m/s","a_max":"0.8 m/s^2","w_max":"1.2 rad/s"},"stop_time":"0.15 s"}}}
