---
source: crates/rfl-conformance/tests/screw_fasten_unscrew.rs
expression: "jsonl_for(\"allegro\")"
---
{"message":"execute","action_id":"screw-fasten/wonik-allegro-v4/0001-locate","canonical_action":{"target_frame":"palm_cam","target_pose":{"ref":"driver"},"timing":{"timing_mode":"strict","stop_at_goal":true},"safety_envelope":{"motion_bounds":{}}}}
{"message":"execute","action_id":"screw-fasten/wonik-allegro-v4/0002-pinch","canonical_action":{"target_frame":"tcp_thumb","target_pose":{"ref":"driver_t"},"force_budget":"6 N","timing":{"timing_mode":"strict","stop_at_goal":true},"tactile_target":"auto","safety_envelope":{"motion_bounds":{"v_max":"0.4 m/s","a_max":"1.5 m/s^2","w_max":"2.0 rad/s"},"force_profile":{"min_holding_force":"2 N"},"stop_time":"0.1 s"}}}
{"message":"execute","action_id":"screw-fasten/wonik-allegro-v4/0003-transport","canonical_action":{"target_frame":"tcp_thumb","target_pose":{"frame":"workpiece","offset":{"along":"-z","distance":"40 mm"}},"timing":{"timing_mode":"time_scalable","stop_at_goal":true},"safety_envelope":{"motion_bounds":{"v_max":"0.4 m/s","a_max":"1.5 m/s^2","w_max":"2.0 rad/s"},"force_profile":{"min_holding_force":"2 N"},"stop_time":"0.1 s"}}}
{"message":"execute","action_id":"screw-fasten/wonik-allegro-v4/0004-locate","canonical_action":{"target_frame":"palm_cam","target_pose":{"ref":"screw"},"timing":{"timing_mode":"strict","stop_at_goal":true},"safety_envelope":{"motion_bounds":{}}}}
{"message":"execute","action_id":"screw-fasten/wonik-allegro-v4/0005-align","canonical_action":{"target_frame":"tcp_index","target_pose":{"align":{"target_frame":"screw","axes":["z"],"residual":"min_geodesic_rotation"}},"timing":{"timing_mode":"strict","stop_at_goal":true},"safety_envelope":{"motion_bounds":{"v_max":"0.4 m/s","a_max":"1.5 m/s^2","w_max":"2.0 rad/s"},"stop_time":"0.1 s"}}}
{"message":"execute","action_id":"screw-fasten/wonik-allegro-v4/0006-unscrew","canonical_action":{"target_frame":"tcp_thumb","target_pose":{"direction":"-z","distance":"0 mm"},"timing":{"timing_mode":"time_scalable","stop_at_goal":true},"monitors":[{"stop_condition":{"disengagement":true}}],"safety_envelope":{"motion_bounds":{"v_max":"0.4 m/s","a_max":"1.5 m/s^2","w_max":"2.0 rad/s"},"force_profile":{"coupling":{"advance_per_turn":"0.8 mm"},"on_disengagement":"retain","rotation_sense":"loosen","tool_mediated":true,"torque":"0.2 N·m"},"compliance":"active","stop_time":"0.1 s"}}}
{"message":"execute","action_id":"screw-fasten/wonik-allegro-v4/0007-release","canonical_action":{"target_frame":"tcp_thumb","target_pose":{"direction":"-tool_axis","distance":"0 mm"},"timing":{"timing_mode":"strict","stop_at_goal":true},"safety_envelope":{"motion_bounds":{"v_max":"0.4 m/s","a_max":"1.5 m/s^2","w_max":"2.0 rad/s"},"stop_time":"0.1 s"}}}
{"message":"execute","action_id":"screw-fasten/wonik-allegro-v4/0008-retract","canonical_action":{"target_frame":"tcp_index","target_pose":{"direction":"-tool_axis","distance":"50 mm"},"timing":{"timing_mode":"strict","stop_at_goal":true},"safety_envelope":{"motion_bounds":{"v_max":"0.4 m/s","a_max":"1.5 m/s^2","w_max":"2.0 rad/s"},"stop_time":"0.1 s"}}}
