---
source: crates/rfl-conformance/tests/surface_scan_path.rs
expression: "jsonl_for(\"leap\")"
---
{"message":"execute","action_id":"surface-scan/cmu-leap-v1/0001-scan","canonical_action":{"target_frame":"wrist_cam","target_pose":{"pattern":"raster","poses":[{"position":[0.04375,0.0,0.1],"orientation":[1.0,0.0,0.0,0.0]},{"position":[0.13125,0.0,0.1],"orientation":[1.0,0.0,0.0,0.0]},{"position":[0.2,0.01875,0.1],"orientation":[1.0,0.0,0.0,0.0]},{"position":[0.2,0.10625,0.1],"orientation":[1.0,0.0,0.0,0.0]}]},"timing":{"timing_mode":"strict","stop_at_goal":true},"safety_envelope":{"motion_bounds":{"v_max":"0.5 m/s","a_max":"2.0 m/s^2","w_max":"2.5 rad/s"},"stop_time":"0.08 s"}}}
{"message":"execute","action_id":"surface-scan/cmu-leap-v1/0002-inspect","canonical_action":{"target_frame":"wrist_cam","target_pose":{"ref":"panel"},"timing":{"timing_mode":"strict","stop_at_goal":true},"safety_envelope":{"motion_bounds":{"v_max":"0.5 m/s","a_max":"2.0 m/s^2","w_max":"2.5 rad/s"},"stop_time":"0.08 s"}}}
