---
source: crates/rfl-conformance/tests/surface_scan_hover.rs
expression: "jsonl_for(\"pneumatic-6f\")"
---
{"message":"execute","action_id":"surface-hover/generic-pneumatic-6f/0001-hover","canonical_action":{"target_frame":"tcp_a","target_pose":{"frame":"panel","offset":{"along":"outward_normal","distance":"50 mm"}},"timing":{"timing_mode":"strict","stop_at_goal":true},"safety_envelope":{"motion_bounds":{"v_max":"0.3 m/s","a_max":"0.8 m/s^2","w_max":"1.2 rad/s"},"stop_time":"0.15 s"}}}
{"message":"execute","action_id":"surface-hover/generic-pneumatic-6f/0002-inspect","canonical_action":{"target_frame":"head_cam","target_pose":{"ref":"panel"},"timing":{"timing_mode":"strict","stop_at_goal":true},"safety_envelope":{"motion_bounds":{"v_max":"0.3 m/s","a_max":"0.8 m/s^2","w_max":"1.2 rad/s"},"stop_time":"0.15 s"}}}
