---
source: crates/rfl-conformance/tests/wipe.rs
expression: "jsonl_for(\"pneumatic-6f\")"
---
{"message":"execute","action_id":"surface-wipe/generic-pneumatic-6f/0001-wipe","canonical_action":{"target_frame":"tcp_a","target_pose":{"ref":"panel"},"timing":{"timing_mode":"time_scalable","stop_at_goal":true},"safety_envelope":{"motion_bounds":{"v_max":"0.3 m/s","a_max":"0.8 m/s^2","w_max":"1.2 rad/s"},"force_profile":{"normal_force":"5 N","normal_force_tolerance":"1 N"},"compliance":"active","stop_time":"0.15 s"}}}
